Microchip MPLAB XC8 Compiler V1.45 ()

Linker command line:

-W-3 --edf=D:\HardwareDesign\Microchip\xc8\v1.45\dat\en_msgs.txt -cs \
  -h+dist/default/production\VXL_main.X.production.sym \
  --cmf=dist/default/production\VXL_main.X.production.cmf -z -Q16F877A \
  -oC:\Users\asus\AppData\Local\Temp\s6i0.2 \
  -Mdist/default/production/VXL_main.X.production.map -E1 -ver=XC8 \
  -ASTACK=0110h-016fh -pstack=STACK -ACODE=00h-07FFhx4 -ASTRCODE=00h-01FFFh \
  -ASTRING=00h-0FFhx32 -ACONST=00h-0FFhx32 -AENTRY=00h-0FFhx32 \
  -ACOMMON=070h-07Fh -ABANK0=020h-06Fh -ABANK1=0A0h-0EFh \
  -ABANK2=0110h-016Fh -ABANK3=0190h-01EFh \
  -ARAM=020h-06Fh,0A0h-0EFh,0110h-016Fh,0190h-01EFh \
  -AABS1=020h-07Fh,0A0h-0EFh,0110h-016Fh,0190h-01EFh -ASFR0=00h-01Fh \
  -ASFR1=080h-09Fh -ASFR2=0100h-010Fh -ASFR3=0180h-018Fh \
  -preset_vec=00h,intentry,init,end_init -ppowerup=CODE -pcinit=CODE \
  -pfunctab=ENTRY -ACONFIG=02007h-02007h -pconfig=CONFIG -DCONFIG=2 \
  -AIDLOC=02000h-02003h -pidloc=IDLOC -DIDLOC=2 -AEEDATA=00h-0FFh/02100h \
  -peeprom_data=EEDATA -DEEDATA=2 -DCODE=2 -DSTRCODE=2 -DSTRING=2 -DCONST=2 \
  -DENTRY=2 -k C:\Users\asus\AppData\Local\Temp\s6i0.obj \
  dist/default/production\VXL_main.X.production.obj 

Object code version is 3.11

Machine type is 16F877A



                Name                               Link     Load   Length Selector   Space Scale
C:\Users\asus\AppData\Local\Temp\s6i0.obj
                end_init                              0        0        3        0       0
                config                             2007     2007        1     400E       0
dist/default/production\VXL_main.X.production.obj
                cinit                               7F2      7F2        E      FE4       0
                text19                              FE3      FE3       1D     1FC6       0
                text18                              333      333       8F      666       0
                text17                               79       79       3C       F2       0
                text16                                5        5       21        A       0
                text15                              21E      21E       87      43C       0
                text14                              FB2      FB2       15     1F64       0
                text13                              FA8      FA8        A     1F50       0
                text12                               26       26       22       4C       0
                text11                              100      100       59      200       0
                text10                              5F0      5F0       E4      BE0       0
                text9                               159      159       59      2B2       0
                text8                                B5       B5       4B      16A       0
                text7                               1B2      1B2       6C      364       0
                text6                               465      465       B8      8CA       0
                text5                               51D      51D       D3      A3A       0
                text4                               2A5      2A5       8E      54A       0
                text3                               FC7      FC7       1C     1F8E       0
                text2                               3C2      3C2       A3      784       0
                text1                                48       48       31       90       0
                maintext                            6D4      6D4      11E      DA8       0
                cstackBANK0                          20       20       42       20       1
                cstackCOMMON                         70       70        E       70       1
                bssBANK0                             62       62        8       20       1
                strings                             800      800       1A     1000       0

TOTAL           Name                               Link     Load   Length     Space
        CLASS   STACK          

        CLASS   CODE           
                end_init                              0        0        3         0
                cinit                               7F2      7F2        E         0
                text19                              FE3      FE3       1D         0
                text18                              333      333       8F         0
                text17                               79       79       3C         0
                text16                                5        5       21         0
                text15                              21E      21E       87         0
                text14                              FB2      FB2       15         0
                text13                              FA8      FA8        A         0
                text12                               26       26       22         0
                text11                              100      100       59         0
                text10                              5F0      5F0       E4         0
                text9                               159      159       59         0
                text8                                B5       B5       4B         0
                text7                               1B2      1B2       6C         0
                text6                               465      465       B8         0
                text5                               51D      51D       D3         0
                text4                               2A5      2A5       8E         0
                text3                               FC7      FC7       1C         0
                text2                               3C2      3C2       A3         0
                text1                                48       48       31         0
                maintext                            6D4      6D4      11E         0

        CLASS   STRCODE        

        CLASS   STRING         
                strings                             800      800       1A         0

        CLASS   CONST          

        CLASS   ENTRY          

        CLASS   COMMON         
                cstackCOMMON                         70       70        E         1

        CLASS   BANK0          
                cstackBANK0                          20       20       42         1
                bssBANK0                             62       62        8         1

        CLASS   BANK1          

        CLASS   BANK2          

        CLASS   BANK3          

        CLASS   RAM            

        CLASS   ABS1           
                abs_s1                               7E       7E        2         1

        CLASS   SFR0           

        CLASS   SFR1           

        CLASS   SFR2           

        CLASS   SFR3           

        CLASS   CONFIG         
                config                             2007     2007        1         0

        CLASS   IDLOC          

        CLASS   EEDATA         



SEGMENTS        Name                           Load    Length   Top    Selector   Space  Class     Delta

                reset_vec                      000000  000003  000003         0       0  CODE        2
                text16                         000005  000021  000026         A       0  CODE        2
                cstackBANK0                    000020  00004A  00006A        20       1  BANK0       1
                text12                         000026  000022  000048        4C       0  CODE        2
                cstackCOMMON                   000070  00000E  00007E        70       1  COMMON      1
                text1                          000048  000031  000079        90       0  CODE        2
                text17                         000079  00003C  0000B5        F2       0  CODE        2
                text8                          0000B5  00004B  000100       16A       0  CODE        2
                text11                         000100  000059  000159       200       0  CODE        2
                text9                          000159  000059  0001B2       2B2       0  CODE        2
                text7                          0001B2  00006C  00021E       364       0  CODE        2
                text15                         00021E  000087  0002A5       43C       0  CODE        2
                text4                          0002A5  00008E  000333       54A       0  CODE        2
                text18                         000333  00008F  0003C2       666       0  CODE        2
                text2                          0003C2  0000A3  000465       784       0  CODE        2
                text6                          000465  0000B8  00051D       8CA       0  CODE        2
                text5                          00051D  0000D3  0005F0       A3A       0  CODE        2
                text10                         0005F0  0000E4  0006D4       BE0       0  CODE        2
                maintext                       0006D4  00011E  0007F2       DA8       0  CODE        2
                cinit                          0007F2  00000E  000800       FE4       0  CODE        2
                strings                        000800  00001A  00081A      1000       0  STRING      2
                text13                         000FA8  00000A  000FB2      1F50       0  CODE        2
                text14                         000FB2  000015  000FC7      1F64       0  CODE        2
                text3                          000FC7  00001C  000FE3      1F8E       0  CODE        2
                text19                         000FE3  00001D  001000      1FC6       0  CODE        2
                config                         002007  000001  002008      400E       0  CONFIG      2


UNUSED ADDRESS RANGES

        Name                Unused          Largest block    Delta
        BANK0            006A-006F              6           1
        BANK1            00A0-00EF             50           1
        BANK2            0110-016F             60           1
        BANK3            0190-01EF             60           1
        CODE             0003-0004              2           2
                         081A-0FA7            78E
                         1000-1FFF            800
        CONST            0003-0004              2           2
                         081A-0FA7            100
                         1000-1FFF            100
        EEDATA           2100-21FF            100           2
        ENTRY            0003-0004              2           2
                         081A-0FA7            100
                         1000-1FFF            100
        IDLOC            2000-2003              4           2
        RAM              006A-006F              6           1
                         00A0-00EF             50
                         0110-016F             60
                         0190-01EF             60
        SFR0             0000-001F             20           1
        SFR1             0080-009F             20           1
        SFR2             0100-010F             10           1
        SFR3             0180-018F             10           1
        STACK            0110-016F             60           1
        STRCODE          0003-0004              2           2
                         081A-0FA7            78E
                         1000-1FFF           1000
        STRING           0003-0004              2           2
                         081A-0FA7            100
                         1000-1FFF            100

                                  Symbol Table

?___aldiv                   cstackCOMMON 0070
?___awdiv                   cstackCOMMON 0070
?___awmod                   cstackCOMMON 0070
?___ftdiv                   cstackBANK0  0034
?___ftmul                   cstackBANK0  0024
?___ftpack                  cstackCOMMON 0070
?___fttol                   cstackBANK0  0044
?___lbtoft                  cstackCOMMON 0078
?___lwdiv                   cstackCOMMON 0076
?___wmul                    cstackCOMMON 0070
PWM_DutyCycle@duty          cstackBANK0  0026
UART_Write@data             cstackCOMMON 0070
UART_Write_Text@a           cstackCOMMON 0073
UART_Write_Text@i           cstackCOMMON 0071
UART_Write_number@a         cstackCOMMON 0071
UARTinit@baudrate           cstackBANK0  0026
UARTinit@x                  cstackCOMMON 0079
_ADCON0bits                 (abs)        001F
_ADCON1bits                 (abs)        009F
_ADCinit                    text19       0FE3
_ADRESL                     (abs)        009E
_BRGH                       (abs)        04C2
_CCP1CONbits                (abs)        0017
_CCPR1L                     (abs)        0015
_CREN                       (abs)        00C4
_PORTB                      (abs)        0006
_PORTDbits                  (abs)        0008
_PR2                        (abs)        0092
_PWM_DutyCycle              text15       021E
_PWM_Initalize              text14       0FB2
_PWM_duty                   bssBANK0     0062
_PWM_period                 bssBANK0     0064
_RCIF                       (abs)        0065
_SPBRG                      (abs)        0099
_SPEN                       (abs)        00C7
_SYNC                       (abs)        04C4
_T2CONbits                  (abs)        0012
_TRISA                      (abs)        0085
_TRISB                      (abs)        0086
_TRISC2                     (abs)        043A
_TRISC6                     (abs)        043E
_TRISC7                     (abs)        043F
_TRISD0                     (abs)        0440
_TRISD1                     (abs)        0441
_TRISD2                     (abs)        0442
_TRISD3                     (abs)        0443
_TRISD4                     (abs)        0444
_TRISD5                     (abs)        0445
_TRISD6                     (abs)        0446
_TRISD7                     (abs)        0447
_TRMT                       (abs)        04C1
_TXEN                       (abs)        04C5
_TXREG                      (abs)        0019
_UART_Write                 text13       0FA8
_UART_Write_Text            text12       0026
_UART_Write_number          text11       0100
_UARTinit                   text10       05F0
__CFG_BOREN$OFF             (abs)        0000
__CFG_CP$OFF                (abs)        0000
__CFG_CPD$OFF               (abs)        0000
__CFG_FOSC$HS               (abs)        0000
__CFG_LVP$OFF               (abs)        0000
__CFG_PWRTE$OFF             (abs)        0000
__CFG_WDTE$OFF              (abs)        0000
__CFG_WRT$OFF               (abs)        0000
__Habs1                     abs1         0000
__Hbank0                    bank0        0000
__Hbank1                    bank1        0000
__Hbank2                    bank2        0000
__Hbank3                    bank3        0000
__HbssBANK0                 bssBANK0     0000
__Hcinit                    cinit        0800
__Hclrtext                  clrtext      0000
__Hcode                     code         0000
__Hcommon                   common       0000
__Hconfig                   config       2008
__HcstackBANK0              cstackBANK0  0000
__HcstackCOMMON             cstackCOMMON 0000
__Heeprom_data              eeprom_data  0000
__Hend_init                 end_init     0003
__Hfunctab                  functab      0000
__Hidloc                    idloc        0000
__Hinit                     init         0000
__Hintentry                 intentry     0000
__Hmaintext                 maintext     0000
__Hpowerup                  powerup      0000
__Hram                      ram          0000
__Hreset_vec                reset_vec    0000
__Hsfr0                     sfr0         0000
__Hsfr1                     sfr1         0000
__Hsfr2                     sfr2         0000
__Hsfr3                     sfr3         0000
__Hspace_0                  (abs)        2008
__Hspace_1                  (abs)        007E
__Hspace_2                  (abs)        0000
__Hspace_3                  (abs)        0000
__Hstack                    stack        0000
__Hstrings                  strings      0000
__Htext                     text         0000
__Labs1                     abs1         0000
__Lbank0                    bank0        0000
__Lbank1                    bank1        0000
__Lbank2                    bank2        0000
__Lbank3                    bank3        0000
__LbssBANK0                 bssBANK0     0000
__Lcinit                    cinit        07F2
__Lclrtext                  clrtext      0000
__Lcode                     code         0000
__Lcommon                   common       0000
__Lconfig                   config       2007
__LcstackBANK0              cstackBANK0  0000
__LcstackCOMMON             cstackCOMMON 0000
__Leeprom_data              eeprom_data  0000
__Lend_init                 end_init     0000
__Lfunctab                  functab      0000
__Lidloc                    idloc        0000
__Linit                     init         0000
__Lintentry                 intentry     0000
__Lmaintext                 maintext     0000
__Lpowerup                  powerup      0000
__Lram                      ram          0000
__Lreset_vec                reset_vec    0000
__Lsfr0                     sfr0         0000
__Lsfr1                     sfr1         0000
__Lsfr2                     sfr2         0000
__Lsfr3                     sfr3         0000
__Lspace_0                  (abs)        0000
__Lspace_1                  (abs)        0000
__Lspace_2                  (abs)        0000
__Lspace_3                  (abs)        0000
__Lstack                    stack        0000
__Lstrings                  strings      0000
__Ltext                     text         0000
__S0                        (abs)        2008
__S1                        (abs)        007E
__S2                        (abs)        0000
__S3                        (abs)        0000
___aldiv                    text18       0333
___aldiv@counter            cstackBANK0  0020
___aldiv@dividend           cstackCOMMON 0074
___aldiv@divisor            cstackCOMMON 0070
___aldiv@quotient           cstackBANK0  0022
___aldiv@sign               cstackBANK0  0021
___awdiv                    text9        0159
___awdiv@counter            cstackCOMMON 0075
___awdiv@dividend           cstackCOMMON 0072
___awdiv@divisor            cstackCOMMON 0070
___awdiv@quotient           cstackCOMMON 0077
___awdiv@sign               cstackCOMMON 0076
___awmod                    text8        00B5
___awmod@counter            cstackCOMMON 0075
___awmod@dividend           cstackCOMMON 0072
___awmod@divisor            cstackCOMMON 0070
___awmod@sign               cstackCOMMON 0076
___ftdiv                    text6        0465
___ftdiv@cntr               cstackBANK0  003E
___ftdiv@exp                cstackBANK0  0042
___ftdiv@f1                 cstackBANK0  0037
___ftdiv@f2                 cstackBANK0  0034
___ftdiv@f3                 cstackBANK0  003F
___ftdiv@sign               cstackBANK0  0043
___ftmul                    text5        051D
___ftmul@cntr               cstackBANK0  0032
___ftmul@exp                cstackBANK0  002E
___ftmul@f1                 cstackBANK0  0024
___ftmul@f2                 cstackBANK0  0027
___ftmul@f3_as_product      cstackBANK0  002F
___ftmul@sign               cstackBANK0  0033
___ftpack                   text7        01B2
___ftpack@arg               cstackCOMMON 0070
___ftpack@exp               cstackCOMMON 0073
___ftpack@sign              cstackCOMMON 0074
___fttol                    text4        02A5
___fttol@exp1               cstackBANK0  0051
___fttol@f1                 cstackBANK0  0044
___fttol@lval               cstackBANK0  004D
___fttol@sign1              cstackBANK0  004C
___int_sp                   stack        0000
___latbits                  (abs)        0002
___lbtoft                   text3        0FC7
___lbtoft@c                 cstackCOMMON 007B
___lwdiv                    text17       0079
___lwdiv@counter            cstackCOMMON 007D
___lwdiv@dividend           cstackCOMMON 0078
___lwdiv@divisor            cstackCOMMON 0076
___lwdiv@quotient           cstackCOMMON 007B
___sp                       stack        0000
___wmul                     text16       0005
___wmul@multiplicand        cstackCOMMON 0072
___wmul@multiplier          cstackCOMMON 0070
___wmul@product             cstackCOMMON 0074
__end_of_ADCinit            text19       1000
__end_of_PWM_DutyCycle      text15       02A5
__end_of_PWM_Initalize      text14       0FC7
__end_of_UART_Write         text13       0FB2
__end_of_UART_Write_Text    text12       0048
__end_of_UART_Write_number  text11       0159
__end_of_UARTinit           text10       06D4
__end_of___aldiv            text18       03C2
__end_of___awdiv            text9        01B2
__end_of___awmod            text8        0100
__end_of___ftdiv            text6        051D
__end_of___ftmul            text5        05F0
__end_of___ftpack           text7        021E
__end_of___fttol            text4        0333
__end_of___lbtoft           text3        0FE3
__end_of___lwdiv            text17       00B5
__end_of___wmul             text16       0026
__end_of__initialization    cinit        07FC
__end_of__stringtab         strings      0806
__end_of_hienthiled         text2        0465
__end_of_hienthitocdo       text1        0079
__end_of_main               maintext     07F2
__initialization            cinit        07F2
__pbssBANK0                 bssBANK0     0062
__pcstackBANK0              cstackBANK0  0020
__pcstackCOMMON             cstackCOMMON 0070
__pmaintext                 maintext     06D4
__pstrings                  strings      0800
__ptext1                    text1        0048
__ptext10                   text10       05F0
__ptext11                   text11       0100
__ptext12                   text12       0026
__ptext13                   text13       0FA8
__ptext14                   text14       0FB2
__ptext15                   text15       021E
__ptext16                   text16       0005
__ptext17                   text17       0079
__ptext18                   text18       0333
__ptext19                   text19       0FE3
__ptext2                    text2        03C2
__ptext3                    text3        0FC7
__ptext4                    text4        02A5
__ptext5                    text5        051D
__ptext6                    text6        0465
__ptext7                    text7        01B2
__ptext8                    text8        00B5
__ptext9                    text9        0159
__size_of_ADCinit           (abs)        0000
__size_of_PWM_DutyCycle     (abs)        0000
__size_of_PWM_Initalize     (abs)        0000
__size_of_UART_Write        (abs)        0000
__size_of_UART_Write_Text   (abs)        0000
__size_of_UART_Write_number (abs)        0000
__size_of_UARTinit          (abs)        0000
__size_of___aldiv           (abs)        0000
__size_of___awdiv           (abs)        0000
__size_of___awmod           (abs)        0000
__size_of___ftdiv           (abs)        0000
__size_of___ftmul           (abs)        0000
__size_of___ftpack          (abs)        0000
__size_of___fttol           (abs)        0000
__size_of___lbtoft          (abs)        0000
__size_of___lwdiv           (abs)        0000
__size_of___wmul            (abs)        0000
__size_of_hienthiled        (abs)        0000
__size_of_hienthitocdo      (abs)        0000
__size_of_main              (abs)        0000
__stringbase                strings      0805
__stringtab                 strings      0800
_hienthiled                 text2        03C2
_hienthitocdo               text1        0048
_main                       maintext     06D4
_temp                       bssBANK0     0066
_tocdo                      bssBANK0     0068
btemp                       (abs)        007E
end_of_initialization       cinit        07FC
hienthiled@bcdnhietdo       cstackBANK0  0056
hienthiled@nhietdo          cstackBANK0  005A
hienthiled@shift            cstackBANK0  0058
hienthitocdo@a              cstackCOMMON 0070
intlevel0                   functab      0000
intlevel1                   functab      0000
intlevel2                   functab      0000
intlevel3                   functab      0000
intlevel4                   functab      0000
intlevel5                   functab      0000
main@chuc                   cstackBANK0  005E
main@donvi                  cstackBANK0  0060
main@temp1                  cstackBANK0  005C
reset_vec                   reset_vec    0000
stackhi                     (abs)        0000
stacklo                     (abs)        0000
start                       init         0000
start_initialization        cinit        07F2
wtemp0                      (abs)        007E


FUNCTION INFORMATION:

 *************** function _main *****************
 Defined at:
		line 188 in file "VXL_main.c"
 Parameters:    Size  Location     Type
		None
 Auto vars:     Size  Location     Type
  donvi           2   64[BANK0 ] int 
  chuc            2   62[BANK0 ] int 
  temp1           2   60[BANK0 ] int 
 Return value:  Size  Location     Type
                  1    wreg      void 
 Registers used:
		wreg, fsr0l, fsr0h, status,2, status,0, btemp+1, pclath, cstack
 Tracked objects:
		On entry : 
		On exit  : 
		Unchanged: 
 Data sizes:     COMMON   BANK0   BANK1   BANK3   BANK2
      Params:         0       0       0       0       0
      Locals:         0       6       0       0       0
      Temps:          0       0       0       0       0
      Totals:         0       6       0       0       0
Total ram usage:        6 bytes
 Hardware stack levels required when called:    3
 This function calls:
		_ADCinit
		_PWM_DutyCycle
		_PWM_Initalize
		_UART_Write
		_UART_Write_Text
		_UART_Write_number
		_UARTinit
		___awdiv
		___awmod
		_hienthiled
		_hienthitocdo
 This function is called by:
		Startup code after reset
 This function uses a non-reentrant model


 *************** function _hienthitocdo *****************
 Defined at:
		line 97 in file "VXL_main.c"
 Parameters:    Size  Location     Type
  a               2    0[COMMON] int 
 Auto vars:     Size  Location     Type
		None
 Return value:  Size  Location     Type
                  2    0[COMMON] int 
 Registers used:
		wreg, fsr0l, fsr0h, status,2, status,0
 Tracked objects:
		On entry : 
		On exit  : 
		Unchanged: 
 Data sizes:     COMMON   BANK0   BANK1   BANK3   BANK2
      Params:         2       0       0       0       0
      Locals:         0       0       0       0       0
      Temps:          0       0       0       0       0
      Totals:         2       0       0       0       0
Total ram usage:        2 bytes
 Hardware stack levels used:    1
 This function calls:
		Nothing
 This function is called by:
		_main
 This function uses a non-reentrant model


 *************** function _hienthiled *****************
 Defined at:
		line 83 in file "VXL_main.c"
 Parameters:    Size  Location     Type
		None
 Auto vars:     Size  Location     Type
  nhietdo         2   58[BANK0 ] int 
  shift           2   56[BANK0 ] int 
  bcdnhietdo      2   54[BANK0 ] int 
 Return value:  Size  Location     Type
                  1    wreg      void 
 Registers used:
		wreg, status,2, status,0, btemp+1, pclath, cstack
 Tracked objects:
		On entry : 
		On exit  : 
		Unchanged: 
 Data sizes:     COMMON   BANK0   BANK1   BANK3   BANK2
      Params:         0       0       0       0       0
      Locals:         0       6       0       0       0
      Temps:          0       4       0       0       0
      Totals:         0      10       0       0       0
Total ram usage:       10 bytes
 Hardware stack levels used:    1
 Hardware stack levels required when called:    2
 This function calls:
		___awdiv
		___awmod
		___ftdiv
		___ftmul
		___fttol
		___lbtoft
 This function is called by:
		_main
 This function uses a non-reentrant model


 *************** function ___lbtoft *****************
 Defined at:
		line 27 in file "D:\HardwareDesign\Microchip\xc8\v1.45\sources\common\lbtoft.c"
 Parameters:    Size  Location     Type
  c               1    wreg     unsigned char 
 Auto vars:     Size  Location     Type
  c               1   11[COMMON] unsigned char 
 Return value:  Size  Location     Type
                  3    8[COMMON] float 
 Registers used:
		wreg, status,2, status,0, pclath, cstack
 Tracked objects:
		On entry : 
		On exit  : 
		Unchanged: 
 Data sizes:     COMMON   BANK0   BANK1   BANK3   BANK2
      Params:         3       0       0       0       0
      Locals:         1       0       0       0       0
      Temps:          0       4       0       0       0
      Totals:         4       4       0       0       0
Total ram usage:        8 bytes
 Hardware stack levels used:    1
 Hardware stack levels required when called:    1
 This function calls:
		___ftpack
 This function is called by:
		_hienthiled
 This function uses a non-reentrant model


 *************** function ___fttol *****************
 Defined at:
		line 44 in file "D:\HardwareDesign\Microchip\xc8\v1.45\sources\common\fttol.c"
 Parameters:    Size  Location     Type
  f1              3   36[BANK0 ] float 
 Auto vars:     Size  Location     Type
  lval            4   45[BANK0 ] unsigned long 
  exp1            1   49[BANK0 ] unsigned char 
  sign1           1   44[BANK0 ] unsigned char 
 Return value:  Size  Location     Type
                  4   36[BANK0 ] long 
 Registers used:
		wreg, status,2, status,0
 Tracked objects:
		On entry : 
		On exit  : 
		Unchanged: 
 Data sizes:     COMMON   BANK0   BANK1   BANK3   BANK2
      Params:         0       4       0       0       0
      Locals:         0       6       0       0       0
      Temps:          0       4       0       0       0
      Totals:         0      14       0       0       0
Total ram usage:       14 bytes
 Hardware stack levels used:    1
 This function calls:
		Nothing
 This function is called by:
		_hienthiled
 This function uses a non-reentrant model


 *************** function ___ftmul *****************
 Defined at:
		line 62 in file "D:\HardwareDesign\Microchip\xc8\v1.45\sources\common\ftmul.c"
 Parameters:    Size  Location     Type
  f1              3    4[BANK0 ] float 
  f2              3    7[BANK0 ] float 
 Auto vars:     Size  Location     Type
  f3_as_produc    3   15[BANK0 ] unsigned um
  sign            1   19[BANK0 ] unsigned char 
  cntr            1   18[BANK0 ] unsigned char 
  exp             1   14[BANK0 ] unsigned char 
 Return value:  Size  Location     Type
                  3    4[BANK0 ] float 
 Registers used:
		wreg, status,2, status,0, pclath, cstack
 Tracked objects:
		On entry : 
		On exit  : 
		Unchanged: 
 Data sizes:     COMMON   BANK0   BANK1   BANK3   BANK2
      Params:         0       6       0       0       0
      Locals:         0       6       0       0       0
      Temps:          0       4       0       0       0
      Totals:         0      16       0       0       0
Total ram usage:       16 bytes
 Hardware stack levels used:    1
 Hardware stack levels required when called:    1
 This function calls:
		___ftpack
 This function is called by:
		_hienthiled
 This function uses a non-reentrant model


 *************** function ___ftdiv *****************
 Defined at:
		line 56 in file "D:\HardwareDesign\Microchip\xc8\v1.45\sources\common\ftdiv.c"
 Parameters:    Size  Location     Type
  f2              3   20[BANK0 ] float 
  f1              3   23[BANK0 ] float 
 Auto vars:     Size  Location     Type
  f3              3   31[BANK0 ] float 
  sign            1   35[BANK0 ] unsigned char 
  exp             1   34[BANK0 ] unsigned char 
  cntr            1   30[BANK0 ] unsigned char 
 Return value:  Size  Location     Type
                  3   20[BANK0 ] float 
 Registers used:
		wreg, status,2, status,0, pclath, cstack
 Tracked objects:
		On entry : 
		On exit  : 
		Unchanged: 
 Data sizes:     COMMON   BANK0   BANK1   BANK3   BANK2
      Params:         0       6       0       0       0
      Locals:         0       6       0       0       0
      Temps:          0       4       0       0       0
      Totals:         0      16       0       0       0
Total ram usage:       16 bytes
 Hardware stack levels used:    1
 Hardware stack levels required when called:    1
 This function calls:
		___ftpack
 This function is called by:
		_hienthiled
 This function uses a non-reentrant model


 *************** function ___ftpack *****************
 Defined at:
		line 62 in file "D:\HardwareDesign\Microchip\xc8\v1.45\sources\common\float.c"
 Parameters:    Size  Location     Type
  arg             3    0[COMMON] unsigned um
  exp             1    3[COMMON] unsigned char 
  sign            1    4[COMMON] unsigned char 
 Auto vars:     Size  Location     Type
		None
 Return value:  Size  Location     Type
                  3    0[COMMON] float 
 Registers used:
		wreg, status,2, status,0
 Tracked objects:
		On entry : 
		On exit  : 
		Unchanged: 
 Data sizes:     COMMON   BANK0   BANK1   BANK3   BANK2
      Params:         5       0       0       0       0
      Locals:         0       0       0       0       0
      Temps:          3       0       0       0       0
      Totals:         8       0       0       0       0
Total ram usage:        8 bytes
 Hardware stack levels used:    1
 This function calls:
		Nothing
 This function is called by:
		___ftdiv
		___ftmul
		___lbtoft
 This function uses a non-reentrant model


 *************** function ___awmod *****************
 Defined at:
		line 6 in file "D:\HardwareDesign\Microchip\xc8\v1.45\sources\common\awmod.c"
 Parameters:    Size  Location     Type
  divisor         2    0[COMMON] int 
  dividend        2    2[COMMON] int 
 Auto vars:     Size  Location     Type
  sign            1    6[COMMON] unsigned char 
  counter         1    5[COMMON] unsigned char 
 Return value:  Size  Location     Type
                  2    0[COMMON] int 
 Registers used:
		wreg, status,2, status,0
 Tracked objects:
		On entry : 
		On exit  : 
		Unchanged: 
 Data sizes:     COMMON   BANK0   BANK1   BANK3   BANK2
      Params:         4       0       0       0       0
      Locals:         2       0       0       0       0
      Temps:          1       0       0       0       0
      Totals:         7       0       0       0       0
Total ram usage:        7 bytes
 Hardware stack levels used:    1
 This function calls:
		Nothing
 This function is called by:
		_hienthiled
		_main
 This function uses a non-reentrant model


 *************** function ___awdiv *****************
 Defined at:
		line 6 in file "D:\HardwareDesign\Microchip\xc8\v1.45\sources\common\awdiv.c"
 Parameters:    Size  Location     Type
  divisor         2    0[COMMON] int 
  dividend        2    2[COMMON] int 
 Auto vars:     Size  Location     Type
  quotient        2    7[COMMON] int 
  sign            1    6[COMMON] unsigned char 
  counter         1    5[COMMON] unsigned char 
 Return value:  Size  Location     Type
                  2    0[COMMON] int 
 Registers used:
		wreg, status,2, status,0
 Tracked objects:
		On entry : 
		On exit  : 
		Unchanged: 
 Data sizes:     COMMON   BANK0   BANK1   BANK3   BANK2
      Params:         4       0       0       0       0
      Locals:         4       0       0       0       0
      Temps:          1       0       0       0       0
      Totals:         9       0       0       0       0
Total ram usage:        9 bytes
 Hardware stack levels used:    1
 This function calls:
		Nothing
 This function is called by:
		_hienthiled
		_main
 This function uses a non-reentrant model


 *************** function _UARTinit *****************
 Defined at:
		line 127 in file "VXL_main.c"
 Parameters:    Size  Location     Type
  baudrate        4    6[BANK0 ] const long 
 Auto vars:     Size  Location     Type
  x               2    9[COMMON] unsigned int 
 Return value:  Size  Location     Type
                  1    wreg      void 
 Registers used:
		wreg, status,2, status,0, pclath, cstack
 Tracked objects:
		On entry : 
		On exit  : 
		Unchanged: 
 Data sizes:     COMMON   BANK0   BANK1   BANK3   BANK2
      Params:         0       4       0       0       0
      Locals:         2       0       0       0       0
      Temps:          0      12       0       0       0
      Totals:         2      16       0       0       0
Total ram usage:       18 bytes
 Hardware stack levels used:    1
 Hardware stack levels required when called:    1
 This function calls:
		___aldiv
 This function is called by:
		_main
 This function uses a non-reentrant model


 *************** function _UART_Write_number *****************
 Defined at:
		line 172 in file "VXL_main.c"
 Parameters:    Size  Location     Type
  a               2    1[COMMON] int 
 Auto vars:     Size  Location     Type
		None
 Return value:  Size  Location     Type
                  1    wreg      void 
 Registers used:
		wreg, fsr0l, fsr0h, status,2, status,0, pclath, cstack
 Tracked objects:
		On entry : 
		On exit  : 
		Unchanged: 
 Data sizes:     COMMON   BANK0   BANK1   BANK3   BANK2
      Params:         2       0       0       0       0
      Locals:         0       0       0       0       0
      Temps:          0       0       0       0       0
      Totals:         2       0       0       0       0
Total ram usage:        2 bytes
 Hardware stack levels used:    1
 Hardware stack levels required when called:    1
 This function calls:
		_UART_Write
 This function is called by:
		_main
 This function uses a non-reentrant model


 *************** function _UART_Write_Text *****************
 Defined at:
		line 166 in file "VXL_main.c"
 Parameters:    Size  Location     Type
  a               1    wreg     PTR unsigned char 
		 -> STR_2(9), STR_1(11), 
 Auto vars:     Size  Location     Type
  a               1    3[COMMON] PTR unsigned char 
		 -> STR_2(9), STR_1(11), 
  i               2    1[COMMON] int 
 Return value:  Size  Location     Type
                  1    wreg      void 
 Registers used:
		wreg, fsr0l, fsr0h, status,2, status,0, pclath, cstack
 Tracked objects:
		On entry : 
		On exit  : 
		Unchanged: 
 Data sizes:     COMMON   BANK0   BANK1   BANK3   BANK2
      Params:         0       0       0       0       0
      Locals:         3       0       0       0       0
      Temps:          0       0       0       0       0
      Totals:         3       0       0       0       0
Total ram usage:        3 bytes
 Hardware stack levels used:    1
 Hardware stack levels required when called:    1
 This function calls:
		_UART_Write
 This function is called by:
		_main
 This function uses a non-reentrant model


 *************** function _UART_Write *****************
 Defined at:
		line 160 in file "VXL_main.c"
 Parameters:    Size  Location     Type
  data            1    wreg     unsigned char 
 Auto vars:     Size  Location     Type
  data            1    0[COMMON] unsigned char 
 Return value:  Size  Location     Type
                  1    wreg      void 
 Registers used:
		wreg
 Tracked objects:
		On entry : 
		On exit  : 
		Unchanged: 
 Data sizes:     COMMON   BANK0   BANK1   BANK3   BANK2
      Params:         0       0       0       0       0
      Locals:         1       0       0       0       0
      Temps:          0       0       0       0       0
      Totals:         1       0       0       0       0
Total ram usage:        1 bytes
 Hardware stack levels used:    1
 This function calls:
		Nothing
 This function is called by:
		_UART_Write_Text
		_UART_Write_number
		_main
 This function uses a non-reentrant model


 *************** function _PWM_Initalize *****************
 Defined at:
		line 16 in file "VXL_main.c"
 Parameters:    Size  Location     Type
		None
 Auto vars:     Size  Location     Type
		None
 Return value:  Size  Location     Type
                  1    wreg      void 
 Registers used:
		None
 Tracked objects:
		On entry : 
		On exit  : 
		Unchanged: 
 Data sizes:     COMMON   BANK0   BANK1   BANK3   BANK2
      Params:         0       0       0       0       0
      Locals:         0       0       0       0       0
      Temps:          0       0       0       0       0
      Totals:         0       0       0       0       0
Total ram usage:        0 bytes
 Hardware stack levels used:    1
 This function calls:
		Nothing
 This function is called by:
		_main
 This function uses a non-reentrant model


 *************** function _PWM_DutyCycle *****************
 Defined at:
		line 42 in file "VXL_main.c"
 Parameters:    Size  Location     Type
  duty            2    6[BANK0 ] unsigned int 
 Auto vars:     Size  Location     Type
		None
 Return value:  Size  Location     Type
                  1    wreg      void 
 Registers used:
		wreg, status,2, status,0, pclath, cstack
 Tracked objects:
		On entry : 
		On exit  : 
		Unchanged: 
 Data sizes:     COMMON   BANK0   BANK1   BANK3   BANK2
      Params:         0       2       0       0       0
      Locals:         0       0       0       0       0
      Temps:          0       2       0       0       0
      Totals:         0       4       0       0       0
Total ram usage:        4 bytes
 Hardware stack levels used:    1
 Hardware stack levels required when called:    1
 This function calls:
		___aldiv
		___lwdiv
		___wmul
 This function is called by:
		_main
 This function uses a non-reentrant model


 *************** function ___wmul *****************
 Defined at:
		line 15 in file "D:\HardwareDesign\Microchip\xc8\v1.45\sources\common\Umul16.c"
 Parameters:    Size  Location     Type
  multiplier      2    0[COMMON] unsigned int 
  multiplicand    2    2[COMMON] unsigned int 
 Auto vars:     Size  Location     Type
  product         2    4[COMMON] unsigned int 
 Return value:  Size  Location     Type
                  2    0[COMMON] unsigned int 
 Registers used:
		wreg, status,2, status,0
 Tracked objects:
		On entry : 
		On exit  : 
		Unchanged: 
 Data sizes:     COMMON   BANK0   BANK1   BANK3   BANK2
      Params:         4       0       0       0       0
      Locals:         2       0       0       0       0
      Temps:          0       0       0       0       0
      Totals:         6       0       0       0       0
Total ram usage:        6 bytes
 Hardware stack levels used:    1
 This function calls:
		Nothing
 This function is called by:
		_PWM_DutyCycle
 This function uses a non-reentrant model


 *************** function ___lwdiv *****************
 Defined at:
		line 6 in file "D:\HardwareDesign\Microchip\xc8\v1.45\sources\common\lwdiv.c"
 Parameters:    Size  Location     Type
  divisor         2    6[COMMON] unsigned int 
  dividend        2    8[COMMON] unsigned int 
 Auto vars:     Size  Location     Type
  quotient        2   11[COMMON] unsigned int 
  counter         1   13[COMMON] unsigned char 
 Return value:  Size  Location     Type
                  2    6[COMMON] unsigned int 
 Registers used:
		wreg, status,2, status,0
 Tracked objects:
		On entry : 
		On exit  : 
		Unchanged: 
 Data sizes:     COMMON   BANK0   BANK1   BANK3   BANK2
      Params:         4       0       0       0       0
      Locals:         3       0       0       0       0
      Temps:          1       0       0       0       0
      Totals:         8       0       0       0       0
Total ram usage:        8 bytes
 Hardware stack levels used:    1
 This function calls:
		Nothing
 This function is called by:
		_PWM_DutyCycle
 This function uses a non-reentrant model


 *************** function ___aldiv *****************
 Defined at:
		line 6 in file "D:\HardwareDesign\Microchip\xc8\v1.45\sources\common\aldiv.c"
 Parameters:    Size  Location     Type
  divisor         4    0[COMMON] long 
  dividend        4    4[COMMON] long 
 Auto vars:     Size  Location     Type
  quotient        4    2[BANK0 ] long 
  sign            1    1[BANK0 ] unsigned char 
  counter         1    0[BANK0 ] unsigned char 
 Return value:  Size  Location     Type
                  4    0[COMMON] long 
 Registers used:
		wreg, status,2, status,0
 Tracked objects:
		On entry : 
		On exit  : 
		Unchanged: 
 Data sizes:     COMMON   BANK0   BANK1   BANK3   BANK2
      Params:         8       0       0       0       0
      Locals:         0       6       0       0       0
      Temps:          1       0       0       0       0
      Totals:         9       6       0       0       0
Total ram usage:       15 bytes
 Hardware stack levels used:    1
 This function calls:
		Nothing
 This function is called by:
		_PWM_DutyCycle
		_UARTinit
 This function uses a non-reentrant model


 *************** function _ADCinit *****************
 Defined at:
		line 59 in file "VXL_main.c"
 Parameters:    Size  Location     Type
		None
 Auto vars:     Size  Location     Type
		None
 Return value:  Size  Location     Type
                  1    wreg      void 
 Registers used:
		wreg, status,2
 Tracked objects:
		On entry : 
		On exit  : 
		Unchanged: 
 Data sizes:     COMMON   BANK0   BANK1   BANK3   BANK2
      Params:         0       0       0       0       0
      Locals:         0       0       0       0       0
      Temps:          0       0       0       0       0
      Totals:         0       0       0       0       0
Total ram usage:        0 bytes
 Hardware stack levels used:    1
 This function calls:
		Nothing
 This function is called by:
		_main
 This function uses a non-reentrant model



MODULE INFORMATION

Module		Function		Class		Link	Load	Size
D:\HardwareDesign\Microchip\xc8\v1.45\sources\common\float.c
		___ftpack      		CODE           	01B2	0000	109

D:\HardwareDesign\Microchip\xc8\v1.45\sources\common\float.c estimated size: 109

VXL_main.c
		_PWM_Initalize 		CODE           	0FB2	0000	22
		_UART_Write_number		CODE           	0100	0000	90
		_PWM_DutyCycle 		CODE           	021E	0000	136
		_hienthiled    		CODE           	03C2	0000	164
		_UARTinit      		CODE           	05F0	0000	229
		_hienthitocdo  		CODE           	0048	0000	50
		_main          		CODE           	06D4	0000	287
		_UART_Write_Text		CODE           	0026	0000	35
		_UART_Write    		CODE           	0FA8	0000	11
		_ADCinit       		CODE           	0FE3	0000	30

VXL_main.c estimated size: 1054

D:\HardwareDesign\Microchip\xc8\v1.45\sources\common\lbtoft.c
		___lbtoft      		CODE           	0FC7	0000	29

D:\HardwareDesign\Microchip\xc8\v1.45\sources\common\lbtoft.c estimated size: 29

D:\HardwareDesign\Microchip\xc8\v1.45\sources\common\ftmul.c
		___ftmul       		CODE           	051D	0000	212

D:\HardwareDesign\Microchip\xc8\v1.45\sources\common\ftmul.c estimated size: 212

D:\HardwareDesign\Microchip\xc8\v1.45\sources\common\awmod.c
		___awmod       		CODE           	00B5	0000	76

D:\HardwareDesign\Microchip\xc8\v1.45\sources\common\awmod.c estimated size: 76

D:\HardwareDesign\Microchip\xc8\v1.45\sources\common\ftdiv.c
		___ftdiv       		CODE           	0465	0000	185

D:\HardwareDesign\Microchip\xc8\v1.45\sources\common\ftdiv.c estimated size: 185

D:\HardwareDesign\Microchip\xc8\v1.45\sources\common\lwdiv.c
		___lwdiv       		CODE           	0079	0000	61

D:\HardwareDesign\Microchip\xc8\v1.45\sources\common\lwdiv.c estimated size: 61

shared
		__stringtab    		STRING         	0800	0000	7
		__initialization		CODE           	07F2	0000	11

shared estimated size: 18

D:\HardwareDesign\Microchip\xc8\v1.45\sources\common\fttol.c
		___fttol       		CODE           	02A5	0000	143

D:\HardwareDesign\Microchip\xc8\v1.45\sources\common\fttol.c estimated size: 143

D:\HardwareDesign\Microchip\xc8\v1.45\sources\common\awdiv.c
		___awdiv       		CODE           	0159	0000	90

D:\HardwareDesign\Microchip\xc8\v1.45\sources\common\awdiv.c estimated size: 90

D:\HardwareDesign\Microchip\xc8\v1.45\sources\common\aldiv.c
		___aldiv       		CODE           	0333	0000	144

D:\HardwareDesign\Microchip\xc8\v1.45\sources\common\aldiv.c estimated size: 144

D:\HardwareDesign\Microchip\xc8\v1.45\sources\common\Umul16.c
		___wmul        		CODE           	0005	0000	34

D:\HardwareDesign\Microchip\xc8\v1.45\sources\common\Umul16.c estimated size: 34

